// Jest Snapshot v1, https://goo.gl/fbAQLP

exports[`Component <Header /> should renders correctly 1`] = `
<div>
  <Switch>
    <Route
      component={[Function]}
      exact={true}
      path="/patients/:userId/patients-summary"
    />
    <Route
      component={[Function]}
      exact={true}
      path="/patients/:userId/allergies"
    />
    <Route
      component={[Function]}
      exact={true}
      path="/patients/:userId/allergies/create"
    />
    <Route
      component={[Function]}
      exact={true}
      path="/patients/:userId/allergies/:sourceId"
    />
    <Route
      component={[Function]}
      exact={true}
      path="/patients/:userId/diagnoses"
    />
    <Route
      component={[Function]}
      exact={true}
      path="/patients/:userId/diagnoses/create"
    />
    <Route
      component={[Function]}
      exact={true}
      path="/patients/:userId/diagnoses/:sourceId"
    />
    <Route
      component={[Function]}
      exact={true}
      path="/patients/:userId/clinicalNotes"
    />
    <Route
      component={[Function]}
      exact={true}
      path="/patients/:userId/clinicalNotes/create"
    />
    <Route
      component={[Function]}
      exact={true}
      path="/patients/:userId/clinicalNotes/:sourceId"
    />
    <Route
      component={[Function]}
      exact={true}
      path="/patients/:userId/personalNotes"
    />
    <Route
      component={[Function]}
      exact={true}
      path="/patients/:userId/personalNotes/create"
    />
    <Route
      component={[Function]}
      exact={true}
      path="/patients/:userId/personalNotes/:sourceId"
    />
    <Route
      component={[Function]}
      exact={true}
      path="/patients/:userId/contacts"
    />
    <Route
      component={[Function]}
      exact={true}
      path="/patients/:userId/contacts/create"
    />
    <Route
      component={[Function]}
      exact={true}
      path="/patients/:userId/contacts/:sourceId"
    />
    <Route
      component={[Function]}
      exact={true}
      path="/patients/:userId/vaccinations"
    />
    <Route
      component={[Function]}
      exact={true}
      path="/patients/:userId/vaccinations/create"
    />
    <Route
      component={[Function]}
      exact={true}
      path="/patients/:userId/vaccinations/:sourceId"
    />
    <Route
      component={[Function]}
      exact={true}
      path="/patients/:userId/medications"
    />
    <Route
      component={[Function]}
      exact={true}
      path="/patients/:userId/medications/create"
    />
    <Route
      component={[Function]}
      exact={true}
      path="/patients/:userId/medications/:sourceId"
    />
    <Route
      component={[Function]}
      exact={true}
      path="/patients/:userId/genericPlugin"
    />
    <Route
      component={[Function]}
      exact={true}
      path="/patients/:userId/genericPlugin/create"
    />
    <Route
      component={[Function]}
      exact={true}
      path="/patients/:userId/genericPlugin/:sourceId"
    />
    <Route
      component={[Function]}
      exact={true}
      path="/patients/:userId/procedures"
    />
    <Route
      component={[Function]}
      exact={true}
      path="/patients/:userId/procedures/create"
    />
    <Route
      component={[Function]}
      exact={true}
      path="/patients/:userId/procedures/:sourceId"
    />
    <Route
      component={[Function]}
      exact={true}
      path="/patients/:userId/events"
    />
    <Route
      component={[Function]}
      exact={true}
      path="/patients/:userId/events/create"
    />
    <Route
      component={[Function]}
      exact={true}
      path="/patients/:userId/events/:sourceId"
    />
    <Route
      component={[Function]}
      exact={true}
      path="/patients/:userId/results"
    />
    <Route
      component={[Function]}
      exact={true}
      path="/patients/:userId/results/:sourceId"
    />
    <Route
      component={[Function]}
      exact={true}
      path="/patients/:userId/referrals"
    />
    <Route
      component={[Function]}
      exact={true}
      path="/patients/:userId/referrals/create"
    />
    <Route
      component={[Function]}
      exact={true}
      path="/patients/:userId/referrals/:sourceId"
    />
    <Route
      component={[Function]}
      exact={true}
      path="/patients/:userId/orders"
    />
    <Route
      component={[Function]}
      exact={true}
      path="/patients/:userId/orders/create"
    />
    <Route
      component={[Function]}
      exact={true}
      path="/patients/:userId/orders/:sourceId"
    />
    <Route
      component={[Function]}
      exact={true}
      path="/patients/:userId/mdt"
    />
    <Route
      component={[Function]}
      exact={true}
      path="/patients/:userId/mdt/create"
    />
    <Route
      component={[Function]}
      exact={true}
      path="/patients/:userId/mdt/:sourceId"
    />
    <Route
      component={[Function]}
      exact={true}
      path="/patients/:userId/drawings"
    />
    <Route
      component={[Function]}
      exact={true}
      path="/patients/:userId/drawings/create"
    />
    <Route
      component={[Function]}
      exact={true}
      path="/patients/:userId/drawings/:sourceId"
    />
    <Route
      component={[Function]}
      path="/"
    />
  </Switch>
</div>
`;
