// Jest Snapshot v1, https://goo.gl/fbAQLP

exports[`Component <UserAccountPanel /> should renders with props correctly 1`] = `
<div
  className="dropdown-user dropdown-menu-right dropdown-menu"
>
  <div
    className="user-profile-image"
    onClick={[Function]}
  >
    <div
      className="img"
    >
      <img
        alt=""
        src="user.jpg"
      />
    </div>
  </div>
  <div
    className="user-profile-info"
  >
    <div
      className="name"
      onClick={[Function]}
    >
      Bob
       
      Smith
    </div>
    <div
      className="specification"
    >
      <div
        className="item"
      >
        <em>
          IDCR
        </em>
      </div>
      <div
        className="item"
      >
        bob.smith@gmail.com
      </div>
      <div
        className="item gray"
      >
        <em>
          10/05/2099
        </em>
      </div>
      <div
        className="item"
      >
        <em>
          About Showcase Stack; PulseTile version 1.0.0/QEWD_Ripple version 1.0.0
        </em>
      </div>
    </div>
    <PTButton
      className="btn btn-success btn-block btn-signout"
    >
      <div
        onClick={[Function]}
      >
        <span
          className="brn-text"
        >
          Sign Out
        </span>
         
        <i
          className="btn-icon fa fa-sign-out"
        />
      </div>
    </PTButton>
  </div>
</div>
`;
