// Jest Snapshot v1, https://goo.gl/fbAQLP

exports[`Component <RecordsOfTablePopoverReferrals /> should renders with props correctly with empty detail 1`] = `""`;
