// Jest Snapshot v1, https://goo.gl/fbAQLP

exports[`Component <RecordsOfTablePopoverEvents /> should renders with props correctly with empty detail 1`] = `""`;
