// Jest Snapshot v1, https://goo.gl/fbAQLP

exports[`Component <SimpleDashboardPanel /> should renders with all props correctly 1`] = `
<div
  className="dashboard-item"
  id=""
>
  <div
    className="board"
  >
    <div
      className="board-header"
    >
      <div
        className="control-group right"
      >
        <button
          aria-label="More"
          className="btn btn-success btn-inverse btn-board-more"
          onClick={[Function]}
        >
          <i
            className="btn-icon fa fa-caret-right"
          />
        </button>
      </div>
      <h2
        className="board-title"
      >
        Contacts
      </h2>
    </div>
    <div
      className="board-body"
    >
      <ul
        className="board-list"
      >
        <li
          className="board-list-item"
          key="__SimpleDashboardPanel__item__1"
        >
          <a
            className="board-list-link"
            onClick={[Function]}
            onKeyPress={[Function]}
            tabIndex="0"
            title="John Smithy"
          >
            John Smithy
          </a>
        </li>
        <li
          className="board-list-item"
          key="__SimpleDashboardPanel__item__2"
        >
          <a
            className="board-list-link"
            onClick={[Function]}
            onKeyPress={[Function]}
            tabIndex="0"
            title="Andrew Finch"
          >
            Andrew Finch
          </a>
        </li>
      </ul>
    </div>
  </div>
</div>
`;
