// Jest Snapshot v1, https://goo.gl/fbAQLP

exports[`Component <Header /> should renders correctly 1`] = `
<div>
  <Switch>
    <Route
      component={[Function]}
      exact={true}
      path="/patients/:userId/patients-summary"
    />
    <Route
      component={[Function]}
      exact={true}
      key="problems"
      path="/patients/:userId/diagnoses"
    />
    <Route
      component={[Function]}
      exact={true}
      key="problemsCreate"
      path="/patients/:userId/diagnoses/create"
    />
    <Route
      component={[Function]}
      exact={true}
      key="problemsDetail"
      path="/patients/:userId/diagnoses/:sourceId"
    />
    <Route
      component={[Function]}
      exact={true}
      key="medications"
      path="/patients/:userId/medications"
    />
    <Route
      component={[Function]}
      exact={true}
      key="medicationsCreate"
      path="/patients/:userId/medications/create"
    />
    <Route
      component={[Function]}
      exact={true}
      key="medicationsDetail"
      path="/patients/:userId/medications/:sourceId"
    />
    <Route
      component={[Function]}
      exact={true}
      key="allergies"
      path="/patients/:userId/allergies"
    />
    <Route
      component={[Function]}
      exact={true}
      key="allergiesCreate"
      path="/patients/:userId/allergies/create"
    />
    <Route
      component={[Function]}
      exact={true}
      key="allergiesDetail"
      path="/patients/:userId/allergies/:sourceId"
    />
    <Route
      component={[Function]}
      exact={true}
      key="contacts"
      path="/patients/:userId/contacts"
    />
    <Route
      component={[Function]}
      exact={true}
      key="contactsCreate"
      path="/patients/:userId/contacts/create"
    />
    <Route
      component={[Function]}
      exact={true}
      key="contactsDetail"
      path="/patients/:userId/contacts/:sourceId"
    />
    <Route
      component={[Function]}
      path="/"
    />
  </Switch>
</div>
`;
