// Jest Snapshot v1, https://goo.gl/fbAQLP

exports[`Component <Diagnosis /> should renders correctly and testing another methods 1`] = `
<section
  className="page-wrapper"
>
  <PluginBanner
    img={null}
    subTitle="The key problems that affect your health, some with clear diagnoses from your doctor"
    title="Problems / Diagnosis"
    toRight={false}
  />
  <div
    className="section"
  >
    <Row
      bsClass="row"
      componentClass="div"
    >
      <Col
        bsClass="col"
        className=""
        componentClass="div"
        xs={12}
      >
        <div
          className="panel panel-primary"
        >
          <PluginListHeader
            currentPanel="diagnosesMain"
            isBtnExpandVisible={false}
            isBtnTableVisible={false}
            name="diagnosesMain"
            onExpand={[Function]}
            onFilterChange={[Function]}
            panelTitle="Problems / Diagnosis"
          />
          <PluginMainPanel
            columnNameSortBy="problem"
            emptyDataMessage="No information available"
            headers={
              Array [
                Object {
                  "key": "problem",
                  "title": "Problem / Diagnosis",
                  "width": "56%",
                },
                Object {
                  "key": "dateOfOnset",
                  "title": "Date",
                  "transformer": [Function],
                  "width": "25%",
                },
                Object {
                  "key": "source",
                  "title": "Source",
                  "width": "19%",
                },
                Object {
                  "display": "none",
                  "key": "sourceId",
                  "title": "SourceID",
                  "width": 0,
                },
              ]
            }
            isBtnCreateVisible={false}
            isLoading={true}
            listPerPageAmount={10}
            offset={0}
            onCellClick={[Function]}
            onCreate={[Function]}
            onHeaderCellClick={[Function]}
            setOffset={[Function]}
            sortingOrder="asc"
            table="diagnoses"
            totalEntriesAmount={0}
          />
        </div>
      </Col>
    </Row>
  </div>
</section>
`;

exports[`Component <Diagnosis /> should renders correctly and testing context and lifecycle componentWillReceiveProps 1`] = `
<section
  className="page-wrapper"
>
  <div
    className="section"
  >
    <Row
      bsClass="row"
      componentClass="div"
    >
      <Col
        bsClass="col"
        className="col-panel-main"
        componentClass="div"
        xs={12}
      >
        <div
          className="panel panel-primary"
        >
          <PluginListHeader
            currentPanel="diagnosesMain"
            isBtnExpandVisible={true}
            isBtnTableVisible={false}
            name="diagnosesMain"
            onExpand={[Function]}
            onFilterChange={[Function]}
            panelTitle="Problems / Diagnosis"
          />
          <PluginMainPanel
            columnNameSortBy="problem"
            emptyDataMessage="No information available"
            headers={
              Array [
                Object {
                  "key": "problem",
                  "title": "Problem / Diagnosis",
                  "width": "56%",
                },
                Object {
                  "key": "dateOfOnset",
                  "title": "Date",
                  "transformer": [Function],
                  "width": "25%",
                },
                Object {
                  "key": "source",
                  "title": "Source",
                  "width": "19%",
                },
                Object {
                  "display": "none",
                  "key": "sourceId",
                  "title": "SourceID",
                  "width": 0,
                },
              ]
            }
            id="8abeb5bb-717e-4b25-9bbf-d79f5e7a34e2"
            isBtnCreateVisible={true}
            isLoading={true}
            listPerPageAmount={10}
            offset={0}
            onCellClick={[Function]}
            onCreate={[Function]}
            onHeaderCellClick={[Function]}
            setOffset={[Function]}
            sortingOrder="asc"
            table="diagnoses"
            totalEntriesAmount={0}
          />
        </div>
      </Col>
      <Col
        bsClass="col"
        className="col-panel-details"
        componentClass="div"
        xs={12}
      >
        <DiagnosisDetail
          currentPanel="diagnosesDetail"
          detail={
            Object {
              "author": "Dr Tony Shannon",
              "code": "1.239389E7",
              "dateCreated": 1511284969000,
              "dateOfOnset": 1510272000000,
              "description": "sdsda",
              "problem": "1.0",
              "source": "ethercis",
              "sourceId": "8abeb5bb-717e-4b25-9bbf-d79f5e7a34e2",
              "terminology": "dadadyuio",
            }
          }
          editedPanel={Object {}}
          expandedPanel="all"
          isSubmit={false}
          name="diagnosesDetail"
          onCancel={[Function]}
          onEdit={[Function]}
          onExpand={[Function]}
          onSaveSettings={[Function]}
          onShow={[Function]}
          openedPanel="diagnosesCreate"
        />
      </Col>
    </Row>
  </div>
</section>
`;

exports[`Component <Diagnosis /> should renders correctly when data take from Documents how "import" 1`] = `
<section
  className="page-wrapper"
>
  <PluginBanner
    img={null}
    subTitle="The key problems that affect your health, some with clear diagnoses from your doctor"
    title="Problems / Diagnosis"
    toRight={false}
  />
  <div
    className="section"
  >
    <Row
      bsClass="row"
      componentClass="div"
    >
      <Col
        bsClass="col"
        className=""
        componentClass="div"
        xs={12}
      >
        <div
          className="panel panel-primary"
        >
          <PluginListHeader
            currentPanel="diagnosesMain"
            isBtnExpandVisible={false}
            isBtnTableVisible={false}
            name="diagnosesMain"
            onExpand={[Function]}
            onFilterChange={[Function]}
            panelTitle="Problems / Diagnosis"
          />
          <PluginMainPanel
            columnNameSortBy="problem"
            emptyDataMessage="No information available"
            headers={
              Array [
                Object {
                  "key": "problem",
                  "title": "Problem / Diagnosis",
                  "width": "56%",
                },
                Object {
                  "key": "dateOfOnset",
                  "title": "Date",
                  "transformer": [Function],
                  "width": "25%",
                },
                Object {
                  "key": "source",
                  "title": "Source",
                  "width": "19%",
                },
                Object {
                  "display": "none",
                  "key": "sourceId",
                  "title": "SourceID",
                  "width": 0,
                },
              ]
            }
            isBtnCreateVisible={false}
            isLoading={true}
            listPerPageAmount={10}
            offset={0}
            onCellClick={[Function]}
            onCreate={[Function]}
            onHeaderCellClick={[Function]}
            setOffset={[Function]}
            sortingOrder="asc"
            table="diagnoses"
            totalEntriesAmount={0}
          />
        </div>
      </Col>
    </Row>
  </div>
</section>
`;

exports[`Component <Diagnosis /> should renders correctly with diagnosesDetail and testing Create Panel 1`] = `
<section
  className="page-wrapper"
>
  <div
    className="section"
  >
    <Row
      bsClass="row"
      componentClass="div"
    >
      <Col
        bsClass="col"
        className="col-panel-main"
        componentClass="div"
        xs={12}
      >
        <div
          className="panel panel-primary"
        >
          <PluginListHeader
            currentPanel="diagnosesMain"
            isBtnExpandVisible={true}
            isBtnTableVisible={false}
            name="diagnosesMain"
            onExpand={[Function]}
            onFilterChange={[Function]}
            panelTitle="Problems / Diagnosis"
          />
          <PluginMainPanel
            columnNameSortBy="problem"
            emptyDataMessage="No information available"
            headers={
              Array [
                Object {
                  "key": "problem",
                  "title": "Problem / Diagnosis",
                  "width": "56%",
                },
                Object {
                  "key": "dateOfOnset",
                  "title": "Date",
                  "transformer": [Function],
                  "width": "25%",
                },
                Object {
                  "key": "source",
                  "title": "Source",
                  "width": "19%",
                },
                Object {
                  "display": "none",
                  "key": "sourceId",
                  "title": "SourceID",
                  "width": 0,
                },
              ]
            }
            isBtnCreateVisible={false}
            isLoading={true}
            listPerPageAmount={10}
            offset={0}
            onCellClick={[Function]}
            onCreate={[Function]}
            onHeaderCellClick={[Function]}
            setOffset={[Function]}
            sortingOrder="asc"
            table="diagnoses"
            totalEntriesAmount={0}
          />
        </div>
      </Col>
      <Col
        bsClass="col"
        className="col-panel-details"
        componentClass="div"
        xs={12}
      >
        <PluginCreate
          componentForm={
            <ReduxForm
              isSubmit={false}
            />
          }
          currentPanel="diagnosesCreate"
          expandedPanel="all"
          headingName="diagnoses"
          isCreatePanelVisible={true}
          isCreationPermitted={true}
          isImport={false}
          name="diagnosesCreate"
          onCancel={[Function]}
          onExpand={[Function]}
          onGoBack={[Function]}
          onSaveSettings={[Function]}
          onShow={[Function]}
          openedPanel="diagnosesCreate"
          title="Create Problems / Diagnosis"
        />
      </Col>
    </Row>
  </div>
</section>
`;

exports[`Component <Diagnosis /> should renders correctly with diagnosesDetail and testing Create Panel 2`] = `
<section
  className="page-wrapper"
>
  <div
    className="section"
  >
    <Row
      bsClass="row"
      componentClass="div"
    >
      <Col
        bsClass="col"
        className="col-panel-main"
        componentClass="div"
        xs={12}
      >
        <div
          className="panel panel-primary"
        >
          <PluginListHeader
            currentPanel="diagnosesMain"
            isBtnExpandVisible={true}
            isBtnTableVisible={false}
            name="diagnosesMain"
            onExpand={[Function]}
            onFilterChange={[Function]}
            panelTitle="Problems / Diagnosis"
          />
          <PluginMainPanel
            columnNameSortBy="problem"
            emptyDataMessage="No information available"
            headers={
              Array [
                Object {
                  "key": "problem",
                  "title": "Problem / Diagnosis",
                  "width": "56%",
                },
                Object {
                  "key": "dateOfOnset",
                  "title": "Date",
                  "transformer": [Function],
                  "width": "25%",
                },
                Object {
                  "key": "source",
                  "title": "Source",
                  "width": "19%",
                },
                Object {
                  "display": "none",
                  "key": "sourceId",
                  "title": "SourceID",
                  "width": 0,
                },
              ]
            }
            isBtnCreateVisible={false}
            isLoading={true}
            listPerPageAmount={10}
            offset={0}
            onCellClick={[Function]}
            onCreate={[Function]}
            onHeaderCellClick={[Function]}
            setOffset={[Function]}
            sortingOrder="asc"
            table="diagnoses"
            totalEntriesAmount={0}
          />
        </div>
      </Col>
      <Col
        bsClass="col"
        className="col-panel-details"
        componentClass="div"
        xs={12}
      >
        <PluginCreate
          componentForm={
            <ReduxForm
              isSubmit={false}
            />
          }
          currentPanel="diagnosesCreate"
          expandedPanel="all"
          headingName="diagnoses"
          isCreatePanelVisible={true}
          isCreationPermitted={true}
          isImport={false}
          name="diagnosesCreate"
          onCancel={[Function]}
          onExpand={[Function]}
          onGoBack={[Function]}
          onSaveSettings={[Function]}
          onShow={[Function]}
          openedPanel="diagnosesCreate"
          title="Create Problems / Diagnosis"
        />
      </Col>
    </Row>
  </div>
</section>
`;

exports[`Component <Diagnosis /> should renders correctly with diagnosisDetail and testing Detail Panel 1`] = `
<section
  className="page-wrapper"
>
  <div
    className="section"
  >
    <Row
      bsClass="row"
      componentClass="div"
    >
      <Col
        bsClass="col"
        className="col-panel-main"
        componentClass="div"
        xs={12}
      >
        <div
          className="panel panel-primary"
        >
          <PluginListHeader
            currentPanel="diagnosesMain"
            isBtnExpandVisible={true}
            isBtnTableVisible={false}
            name="diagnosesMain"
            onExpand={[Function]}
            onFilterChange={[Function]}
            panelTitle="Problems / Diagnosis"
          />
          <PluginMainPanel
            columnNameSortBy="problem"
            emptyDataMessage="No information available"
            headers={
              Array [
                Object {
                  "key": "problem",
                  "title": "Problem / Diagnosis",
                  "width": "56%",
                },
                Object {
                  "key": "dateOfOnset",
                  "title": "Date",
                  "transformer": [Function],
                  "width": "25%",
                },
                Object {
                  "key": "source",
                  "title": "Source",
                  "width": "19%",
                },
                Object {
                  "display": "none",
                  "key": "sourceId",
                  "title": "SourceID",
                  "width": 0,
                },
              ]
            }
            id="8abeb5bb-717e-4b25-9bbf-d79f5e7a34e2"
            isBtnCreateVisible={true}
            isLoading={true}
            listPerPageAmount={10}
            offset={0}
            onCellClick={[Function]}
            onCreate={[Function]}
            onHeaderCellClick={[Function]}
            setOffset={[Function]}
            sortingOrder="asc"
            table="diagnoses"
            totalEntriesAmount={0}
          />
        </div>
      </Col>
      <Col
        bsClass="col"
        className="col-panel-details"
        componentClass="div"
        xs={12}
      >
        <DiagnosisDetail
          currentPanel="diagnosesDetail"
          detail={
            Object {
              "author": "Dr Tony Shannon",
              "code": "1.239389E7",
              "dateCreated": 1511284969000,
              "dateOfOnset": 1510272000000,
              "description": "sdsda",
              "problem": "1.0",
              "source": "ethercis",
              "sourceId": "8abeb5bb-717e-4b25-9bbf-d79f5e7a34e2",
              "terminology": "dadadyuio",
            }
          }
          editedPanel={Object {}}
          expandedPanel="all"
          isSubmit={false}
          name="diagnosesDetail"
          onCancel={[Function]}
          onEdit={[Function]}
          onExpand={[Function]}
          onSaveSettings={[Function]}
          onShow={[Function]}
          openedPanel="diagnosesPanel"
        />
      </Col>
    </Row>
  </div>
</section>
`;

exports[`Component <Diagnosis /> should renders correctly with diagnosisDetail and testing Detail Panel 2`] = `
<section
  className="page-wrapper"
>
  <div
    className="section full-panel full-panel-details"
  >
    <Row
      bsClass="row"
      componentClass="div"
    >
      <Col
        bsClass="col"
        className="col-panel-details"
        componentClass="div"
        xs={12}
      >
        <DiagnosisDetail
          currentPanel="diagnosesDetail"
          detail={
            Object {
              "author": "Dr Tony Shannon",
              "code": "1.239389E7",
              "dateCreated": 1511284969000,
              "dateOfOnset": 1510272000000,
              "description": "sdsda",
              "problem": "1.0",
              "source": "ethercis",
              "sourceId": "8abeb5bb-717e-4b25-9bbf-d79f5e7a34e2",
              "terminology": "dadadyuio",
            }
          }
          editedPanel={Object {}}
          expandedPanel="diagnosesPanel"
          isSubmit={false}
          name="diagnosesDetail"
          onCancel={[Function]}
          onEdit={[Function]}
          onExpand={[Function]}
          onSaveSettings={[Function]}
          onShow={[Function]}
          openedPanel="diagnosesPanel"
        />
      </Col>
    </Row>
  </div>
</section>
`;

exports[`Component <Diagnosis /> should renders correctly with diagnosisDetail and testing Detail Panel 3`] = `
<section
  className="page-wrapper"
>
  <div
    className="section full-panel full-panel-details"
  >
    <Row
      bsClass="row"
      componentClass="div"
    >
      <Col
        bsClass="col"
        className="col-panel-details"
        componentClass="div"
        xs={12}
      >
        <DiagnosisDetail
          currentPanel="diagnosesDetail"
          detail={
            Object {
              "author": "Dr Tony Shannon",
              "code": "1.239389E7",
              "dateCreated": 1511284969000,
              "dateOfOnset": 1510272000000,
              "description": "sdsda",
              "problem": "1.0",
              "source": "ethercis",
              "sourceId": "8abeb5bb-717e-4b25-9bbf-d79f5e7a34e2",
              "terminology": "dadadyuio",
            }
          }
          editedPanel={Object {}}
          expandedPanel="systemInformationPanel"
          isSubmit={false}
          name="diagnosesDetail"
          onCancel={[Function]}
          onEdit={[Function]}
          onExpand={[Function]}
          onSaveSettings={[Function]}
          onShow={[Function]}
          openedPanel="systemInformationPanel"
        />
      </Col>
    </Row>
  </div>
</section>
`;

exports[`Component <Diagnosis /> should renders correctly with empty store 1`] = `
<section
  className="page-wrapper"
>
  <PluginBanner
    img={null}
    subTitle="The key problems that affect your health, some with clear diagnoses from your doctor"
    title="Problems / Diagnosis"
    toRight={false}
  />
  <div
    className="section"
  >
    <Row
      bsClass="row"
      componentClass="div"
    >
      <Col
        bsClass="col"
        className=""
        componentClass="div"
        xs={12}
      >
        <div
          className="panel panel-primary"
        >
          <PluginListHeader
            currentPanel="diagnosesMain"
            isBtnExpandVisible={false}
            isBtnTableVisible={false}
            name="diagnosesMain"
            onExpand={[Function]}
            onFilterChange={[Function]}
            panelTitle="Problems / Diagnosis"
          />
          <PluginMainPanel
            columnNameSortBy="problem"
            emptyDataMessage="No information available"
            headers={
              Array [
                Object {
                  "key": "problem",
                  "title": "Problem / Diagnosis",
                  "width": "56%",
                },
                Object {
                  "key": "dateOfOnset",
                  "title": "Date",
                  "transformer": [Function],
                  "width": "25%",
                },
                Object {
                  "key": "source",
                  "title": "Source",
                  "width": "19%",
                },
                Object {
                  "display": "none",
                  "key": "sourceId",
                  "title": "SourceID",
                  "width": 0,
                },
              ]
            }
            isBtnCreateVisible={false}
            isLoading={true}
            listPerPageAmount={10}
            offset={0}
            onCellClick={[Function]}
            onCreate={[Function]}
            onHeaderCellClick={[Function]}
            setOffset={[Function]}
            sortingOrder="asc"
            table="diagnoses"
            totalEntriesAmount={0}
          />
        </div>
      </Col>
    </Row>
  </div>
</section>
`;

exports[`Component <Diagnosis /> should renders correctly with forms error 1`] = `
<section
  className="page-wrapper"
>
  <PluginBanner
    img={null}
    subTitle="The key problems that affect your health, some with clear diagnoses from your doctor"
    title="Problems / Diagnosis"
    toRight={false}
  />
  <div
    className="section"
  >
    <Row
      bsClass="row"
      componentClass="div"
    >
      <Col
        bsClass="col"
        className=""
        componentClass="div"
        xs={12}
      >
        <div
          className="panel panel-primary"
        >
          <PluginListHeader
            currentPanel="diagnosesMain"
            isBtnExpandVisible={false}
            isBtnTableVisible={false}
            name="diagnosesMain"
            onExpand={[Function]}
            onFilterChange={[Function]}
            panelTitle="Problems / Diagnosis"
          />
          <PluginMainPanel
            columnNameSortBy="problem"
            emptyDataMessage="No information available"
            headers={
              Array [
                Object {
                  "key": "problem",
                  "title": "Problem / Diagnosis",
                  "width": "56%",
                },
                Object {
                  "key": "dateOfOnset",
                  "title": "Date",
                  "transformer": [Function],
                  "width": "25%",
                },
                Object {
                  "key": "source",
                  "title": "Source",
                  "width": "19%",
                },
                Object {
                  "display": "none",
                  "key": "sourceId",
                  "title": "SourceID",
                  "width": 0,
                },
              ]
            }
            isBtnCreateVisible={false}
            isLoading={true}
            listPerPageAmount={10}
            offset={0}
            onCellClick={[Function]}
            onCreate={[Function]}
            onHeaderCellClick={[Function]}
            setOffset={[Function]}
            sortingOrder="asc"
            table="diagnoses"
            totalEntriesAmount={0}
          />
        </div>
      </Col>
    </Row>
  </div>
</section>
`;
