// Jest Snapshot v1, https://goo.gl/fbAQLP

exports[`Component <SimpleDashboardPanel /> should renders with all props correctly 1`] = `
<div
  className="dashboard-item"
>
  <div
    className="board"
  >
    <div
      className="board-header"
    >
      <div
        className="control-group right"
      >
        <button
          className="btn btn-success btn-inverse btn-board-more"
          onClick={[Function]}
        >
          <i
            className="btn-icon fa fa-caret-right"
          />
        </button>
      </div>
      <h3
        className="board-title"
      >
        Contacts
      </h3>
    </div>
    <div
      className="board-body"
    >
      <ul
        className="board-list"
      >
        <li
          className="board-list-item"
          key="__SimpleDashboardPanel__item__1"
          onClick={[Function]}
        >
          <span
            className="board-list-link"
          >
            John Smithy
          </span>
        </li>
        <li
          className="board-list-item"
          key="__SimpleDashboardPanel__item__2"
          onClick={[Function]}
        >
          <span
            className="board-list-link"
          >
            Andrew Finch
          </span>
        </li>
      </ul>
    </div>
  </div>
</div>
`;
