// Jest Snapshot v1, https://goo.gl/fbAQLP

exports[`Component <Main /> should renders correctly 1`] = `
<Route
  render={[Function]}
/>
`;

exports[`Component <Main /> should renders correctly when Breadcrumbs is Bad 1`] = `
<main
  aria-live="polite"
  class="main"
  id="main"
>
  <div
    class="wrap-breadcrumbs"
  >
    <div
      class="container-fluid"
    >
      <div
        class="breadcrumbs"
      >
        <span>
          <span
            class="breadcrumb-link active"
          >
            Patient Summary
          </span>
        </span>
      </div>
    </div>
  </div>
</main>
`;

exports[`Component <Main /> should renders correctly when initialiseData is empty 1`] = `
<main
  aria-live="polite"
  class="main"
  id="main"
>
  <div
    class="wrap-breadcrumbs"
  >
    <div
      class="container-fluid"
    >
      <div
        class="breadcrumbs"
      >
        <span>
          <a
            class="breadcrumb-link"
            href="/"
          >
            Home
          </a>
          <span
            class="breadcrumb-separate"
          />
        </span>
        <span>
          <span
            class="breadcrumb-link active"
          >
            Patient Listings
          </span>
        </span>
      </div>
    </div>
  </div>
</main>
`;

exports[`Component <Main /> should renders correctly when initialiseData is not empty 1`] = `
<main
  aria-live="polite"
  class="main"
  id="main"
>
  <div
    class="wrap-breadcrumbs"
  >
    <div
      class="container-fluid"
    >
      <div
        class="breadcrumbs"
      >
        <span>
          <span
            class="breadcrumb-link active"
          >
            Patient Summary
          </span>
        </span>
      </div>
    </div>
  </div>
</main>
`;
